//gofmt -ts
package main

type Example struct {
	Data string `json:"data" xml:"data" yaml:"data"`
}
